2025-12-04 04:29:39,966 - INFO - Пользователь выбрал главный пункт меню: 1
2025-12-04 04:29:41,330 - INFO - Пользователь выбрал пункт меню task3: 2
2025-12-04 04:29:42,930 - INFO - Генерация случайной матрицы 3x3
2025-12-04 04:29:42,930 - INFO - Матрица сгенерирована автоматически
2025-12-04 04:29:45,359 - INFO - Пользователь выбрал пункт меню task3: 3
2025-12-04 04:29:49,853 - INFO - Вызов rotate_matrix()
2025-12-04 04:29:49,853 - INFO - Выполняется поворот по часовой стрелке
2025-12-04 04:29:49,853 - INFO - Поворот выполнен
2025-12-04 04:29:52,164 - INFO - Пользователь выбрал пункт меню task3: 4
2025-12-04 04:29:54,513 - INFO - Пользователь выбрал пункт меню task3: 5
2025-12-04 04:29:54,513 - INFO - Возврат в главное меню
2025-12-04 04:29:56,356 - INFO - Пользователь выбрал главный пункт меню: 3
2025-12-04 04:29:57,855 - INFO - Пользователь выбрал пункт task8: 2
2025-12-04 04:30:01,207 - INFO - Генерация случайного массива длиной 3
2025-12-04 04:30:01,207 - INFO - Генерация случайного массива длиной 3
2025-12-04 04:30:01,207 - INFO - Массивы сгенерированы случайно
2025-12-04 04:30:02,908 - INFO - Пользователь выбрал пункт task8: 4
2025-12-04 04:30:02,908 - INFO - Ошибка: вывод результата без выполнения алгоритма
2025-12-04 04:30:05,869 - INFO - Пользователь выбрал пункт task8: 3
2025-12-04 04:30:05,869 - INFO - Вызов count_common_with_reverse([-890, 803, 721], [-749, -752, 642])
2025-12-04 04:30:05,869 - INFO - Проверка числа -890, обратное -98
2025-12-04 04:30:05,869 - INFO - Проверка числа 803, обратное 308
2025-12-04 04:30:05,869 - INFO - Проверка числа 721, обратное 127
2025-12-04 04:30:05,869 - INFO - Алгоритм выполнен
2025-12-04 04:30:07,612 - INFO - Пользователь выбрал пункт task8: 6
2025-12-04 04:30:07,612 - CRITICAL - Логи ниже уровня CRITICAL теперь отключены
